  Ôû▓ Next.js 14.2.7
  - Environments: .env.local

   Creating an optimized production build ...
node.exe : <w> [webpack.cache.PackFileCacheStrategy] Serializing big strings (174kiB) impacts deserialization 
performance (consider using Buffer instead and decode when needed)
At C:\Users\rahma\AppData\Roaming\npm\pnpm.ps1:24 char:5
+     & "node$exe"  "$basedir/node_modules/pnpm/bin/pnpm.cjs" $args
+     ~~~~~~~~~~~~~~~~~~~~~~~~~~~~~~~~~~~~~~~~~~~~~~~~~~~~~~~~~~~~~
    + CategoryInfo          : NotSpecified: (<w> [webpack.ca...de when needed):String) [], RemoteException
    + FullyQualifiedErrorId : NativeCommandError
 
 Ô£ô Compiled successfully
   Skipping validation of types
   Skipping linting
   Collecting page data ...
unhandledRejection Error [PageNotFoundError]: Cannot find module for page: /_document
    at getPagePath (C:\Users\rahma\00-project\code\v0-remix-of-superspace-app-aazian\node_modules\.pnpm\next@14.2.7_@ba
bel+core@7.2_40934e86a43b1e1c15b7b156bc6dcd3c\node_modules\next\dist\server\require.js:94:15)
    at requirePage (C:\Users\rahma\00-project\code\v0-remix-of-superspace-app-aazian\node_modules\.pnpm\next@14.2.7_@ba
bel+core@7.2_40934e86a43b1e1c15b7b156bc6dcd3c\node_modules\next\dist\server\require.js:99:22)
    at C:\Users\rahma\00-project\code\v0-remix-of-superspace-app-aazian\node_modules\.pnpm\next@14.2.7_@babel+core@7.2_
40934e86a43b1e1c15b7b156bc6dcd3c\node_modules\next\dist\server\load-components.js:72:65
    at process.processTicksAndRejections (node:internal/process/task_queues:103:5)
    at async Promise.all (index 0)
    at async loadComponentsImpl (C:\Users\rahma\00-project\code\v0-remix-of-superspace-app-aazian\node_modules\.pnpm\ne
xt@14.2.7_@babel+core@7.2_40934e86a43b1e1c15b7b156bc6dcd3c\node_modules\next\dist\server\load-components.js:71:33)
    at async Object.hasCustomGetInitialProps (C:\Users\rahma\00-project\code\v0-remix-of-superspace-app-aazian\node_mod
ules\.pnpm\next@14.2.7_@babel+core@7.2_40934e86a43b1e1c15b7b156bc6dcd3c\node_modules\next\dist\build\utils.js:1273:24) 
{
  type: 'PageNotFoundError',
  code: 'ENOENT'
}
