
> my-v0-project@0.1.0 test C:\rahman\template\V0\superspace-zian\v0-remix-of-superspace-app-aazian
> vitest

[33mThe CJS build of Vite's Node API is deprecated. See https://vite.dev/guide/troubleshooting.html#vite-cjs-node-api-deprecated for more details.[39m

[1m[7m[34m DEV [39m[27m[22m [34mv2.1.9 [39m[90mC:/rahman/template/V0/superspace-zian/v0-remix-of-superspace-app-aazian[39m

 [32m✓[39m tests/features/database/database.test.ts [2m([22m[2m21 tests[22m[2m)[22m[90m 8[2mms[22m[39m
 [32m✓[39m tests/manifest-content.test.ts [2m([22m[2m3 tests[22m[2m)[22m[90m 20[2mms[22m[39m
 [31m❯[39m tests/shared/auto-discovery.test.ts [2m([22m[2m28 tests[22m[2m | [22m[31m3 failed[39m[2m)[22m[90m 34[2mms[22m[39m
[31m   [31m×[31m Auto-Discovery Pattern[2m > [22mComponent Registry[2m > [22mshould auto-load component wrappers using glob[90m 15[2mms[22m[31m[39m
[31m     → expected 0 to be greater than 0[39m
[31m   [31m×[31m Auto-Discovery Pattern[2m > [22mComponent Registry[2m > [22mshould discover known components (Button, Input, Card)[90m 2[2mms[22m[31m[39m
[31m     → expected undefined to be defined[39m
[31m   [31m×[31m Auto-Discovery Pattern[2m > [22mGlob Pattern Behavior[2m > [22mshould discover nested directories with ** pattern[90m 1[2mms[22m[31m[39m
[31m     → expected 0 to be greater than or equal to 3[39m
 [32m✓[39m tests/shared/registry.test.ts [2m([22m[2m4 tests[22m[2m)[22m[90m 8[2mms[22m[39m
 [32m✓[39m tests/shared/export-import.test.ts [2m([22m[2m5 tests[22m[2m)[22m[90m 13[2mms[22m[39m
 [32m✓[39m tests/shared/converters.test.ts [2m([22m[2m2 tests[22m[2m)[22m[90m 10[2mms[22m[39m
[90mstdout[2m | tests/debug-module-values.test.ts[2m > [22m[2mDebug Module Values[2m > [22m[2mcheck module structure
[22m[39m
=== CHECKING MODULE STRUCTURE ===
Path: ../convex/workspace/workspaces.ts
Value type: object
Value is function: false
Value: [Object: null prototype] [Module] {
  getUserWorkspaces: [36m[Getter][39m,
  getWorkspace: [36m[Getter][39m,
  getWorkspaceMembers: [36m[Getter][39m,
  createWorkspace: [36m[Getter][39m,
  updateWorkspace: [36m[Getter][39m,
  joinWorkspaceById: [36m[Getter][39m,
  updateMemberRole: [36m[Getter][39m,
  addMember: [36m[Getter][39m,
  removeMember: [36m[Getter][39m,
  leaveWorkspace: [36m[Getter][39m,
  backfillMembershipsForCurrentUser: [36m[Getter][39m,
  deleteWorkspace: [36m[Getter][39m,
  resetWorkspace: [36m[Getter][39m
}
Exports: getUserWorkspaces, getWorkspace, getWorkspaceMembers, createWorkspace, updateWorkspace, joinWorkspaceById, updateMemberRole, addMember, removeMember, leaveWorkspace, backfillMembershipsForCurrentUser, deleteWorkspace, resetWorkspace
  - getUserWorkspaces: function
  - getWorkspace: function
  - getWorkspaceMembers: function
  - createWorkspace: function
  - updateWorkspace: function
  - joinWorkspaceById: function
  - updateMemberRole: function
  - addMember: function
  - removeMember: function
  - leaveWorkspace: function
  - backfillMembershipsForCurrentUser: function
  - deleteWorkspace: function
  - resetWorkspace: function
=== END ===


 [32m✓[39m tests/debug-module-values.test.ts [2m([22m[2m1 test[22m[2m)[22m[90m 9[2mms[22m[39m
[90mstdout[2m | tests/features/navigation-registry.test.ts
[22m[39mFeature Registry: 29 features discovered

[90mstdout[2m | tests/workspaces.test.ts[2m > [22m[2mWorkspace CRUD[2m > [22m[2mcreateWorkspace creates default roles and membership
[22m[39m[v0] Creating default menu items for workspace: 10002;workspaces
[v0] Created menu items: [33m17[39m
[createWorkspace] Default menus created successfully for workspace: 10002;workspaces

[90mstdout[2m | tests/workspaces.test.ts[2m > [22m[2mWorkspace CRUD[2m > [22m[2mcreateWorkspace normalizes slug and prevents duplicates
[22m[39m[v0] Creating default menu items for workspace: 10002;workspaces
[v0] Created menu items: [33m17[39m
[createWorkspace] Default menus created successfully for workspace: 10002;workspaces
[v0] Creating default menu items for workspace: 10029;workspaces
[v0] Created menu items: [33m17[39m
[createWorkspace] Default menus created successfully for workspace: 10029;workspaces

[90mstdout[2m | tests/workspaces.test.ts[2m > [22m[2mWorkspace CRUD[2m > [22m[2mupdateWorkspace updates fields correctly
[22m[39m[v0] Creating default menu items for workspace: 10002;workspaces
[v0] Created menu items: [33m17[39m
[createWorkspace] Default menus created successfully for workspace: 10002;workspaces

[90mstdout[2m | tests/workspaces.test.ts[2m > [22m[2mWorkspace CRUD[2m > [22m[2mdeleteWorkspace cascades to related entities
[22m[39m[v0] Creating default menu items for workspace: 10002;workspaces
[v0] Created menu items: [33m17[39m
[createWorkspace] Default menus created successfully for workspace: 10002;workspaces

[90mstdout[2m | tests/workspaces.test.ts[2m > [22m[2mWorkspace CRUD[2m > [22m[2mgetUserWorkspaces returns user's workspaces
[22m[39m[v0] Creating default menu items for workspace: 10002;workspaces
[v0] Created menu items: [33m17[39m
[createWorkspace] Default menus created successfully for workspace: 10002;workspaces
[v0] Creating default menu items for workspace: 10029;workspaces
[v0] Created menu items: [33m17[39m
[createWorkspace] Default menus created successfully for workspace: 10029;workspaces
[getUserWorkspaces] identity present
[getUserWorkspaces] summary {
  candidateIds: [33m1[39m,
  memberships: [33m2[39m,
  createdCount: [33m2[39m,
  resultCount: [33m2[39m,
  ms: [33m2[39m
}

[90mstdout[2m | tests/workspaces.test.ts[2m > [22m[2mWorkspace CRUD[2m > [22m[2maddMember adds user to workspace with specified role
[22m[39m[v0] Creating default menu items for workspace: 10002;workspaces
[v0] Created menu items: [33m17[39m
[createWorkspace] Default menus created successfully for workspace: 10002;workspaces

[90mstdout[2m | tests/workspaces.test.ts[2m > [22m[2mWorkspace CRUD[2m > [22m[2mremoveMember deactivates membership
[22m[39m[v0] Creating default menu items for workspace: 10002;workspaces
[v0] Created menu items: [33m17[39m
[createWorkspace] Default menus created successfully for workspace: 10002;workspaces

 [32m✓[39m tests/workspaces.test.ts [2m([22m[2m7 tests[22m[2m)[22m[33m 384[2mms[22m[39m
 [32m✓[39m tests/features/calendar/calendar.integration.test.ts [2m([22m[2m1 test[22m[2m)[22m[90m 12[2mms[22m[39m
 [32m✓[39m tests/features/navigation-registry.test.ts [2m([22m[2m4 tests[22m[2m)[22m[90m 11[2mms[22m[39m
 [32m✓[39m tests/features/reports/reports.integration.test.ts [2m([22m[2m1 test[22m[2m)[22m[90m 13[2mms[22m[39m
 [32m✓[39m tests/features/calendar/calendar.test.ts [2m([22m[2m1 test[22m[2m)[22m[90m 5[2mms[22m[39m
 [32m✓[39m tests/features/reports/reports.test.ts [2m([22m[2m1 test[22m[2m)[22m[90m 5[2mms[22m[39m
 [32m✓[39m tests/shared/grouping.test.ts [2m([22m[2m8 tests[22m[2m)[22m[90m 12[2mms[22m[39m
 [32m✓[39m tests/features/tasks/tasks.integration.test.ts [2m([22m[2m1 test[22m[2m)[22m[90m 11[2mms[22m[39m
 [32m✓[39m tests/features/tasks/tasks.test.ts [2m([22m[2m1 test[22m[2m)[22m[90m 4[2mms[22m[39m
 [32m✓[39m tests/features/wiki/wiki.integration.test.ts [2m([22m[2m1 test[22m[2m)[22m[90m 9[2mms[22m[39m
 [32m✓[39m tests/features/wiki/wiki.test.ts [2m([22m[2m1 test[22m[2m)[22m[90m 4[2mms[22m[39m
[90mstdout[2m | tests/shared/import-validation.test.ts[2m > [22m[2mShared Import Validation - Baseline[2m > [22m[2mSettings Domain Imports[2m > [22m[2mshould import menu components
[22m[39mMenu components may need index.ts

[90mstdout[2m | tests/shared/import-validation.test.ts[2m > [22m[2mShared Import Validation - Baseline[2m > [22m[2mCommunications Domain Imports[2m > [22m[2mshould import chat hooks
[22m[39mChat hooks import: Error: Cannot find module '@/frontend/shared/communications/hooks' imported from 'C:/rahman/template/V0/superspace-zian/v0-remix-of-superspace-app-aazian/tests/shared/import-validation.test.ts'.

- If you rely on tsconfig.json's "paths" to resolve modules, please install "vite-tsconfig-paths" plugin to handle module resolution.
- Make sure you don't have relative aliases in your Vitest config. Use absolute paths instead. Read more: https://vitest.dev/guide/common-errors
    at VitestExecutor._resolveUrl [90m(file:///C:/rahman/template/V0/superspace-zian/v0-remix-of-superspace-app-aazian/[39mnode_modules/[4m.pnpm[24m/vite-node@2.1.9_@types+node@22.0.0_lightningcss@1.30.1/node_modules/[4mvite-node[24m/dist/client.mjs:229:21[90m)[39m
[90m    at processTicksAndRejections (node:internal/process/task_queues:95:5)[39m
    at VitestExecutor.resolveUrl [90m(file:///C:/rahman/template/V0/superspace-zian/v0-remix-of-superspace-app-aazian/[39mnode_modules/[4m.pnpm[24m/vite-node@2.1.9_@types+node@22.0.0_lightningcss@1.30.1/node_modules/[4mvite-node[24m/dist/client.mjs:252:14[90m)[39m
    at VitestExecutor.resolveUrl [90m(file:///C:/rahman/template/V0/superspace-zian/v0-remix-of-superspace-app-aazian/[39mnode_modules/[4m.pnpm[24m/vitest@2.1.9_@edge-runtime+vm@5.0.0_@types+node@22.0.0_@vitest+ui@2.1.9_lightningcss@1.30.1/node_modules/[4mvitest[24m/dist/chunks/execute.2pr0rHgK.js:750:14[90m)[39m
    at request [90m(file:///C:/rahman/template/V0/superspace-zian/v0-remix-of-superspace-app-aazian/[39mnode_modules/[4m.pnpm[24m/vite-node@2.1.9_@types+node@22.0.0_lightningcss@1.30.1/node_modules/[4mvite-node[24m/dist/client.mjs:267:32[90m)[39m
    at [90mC:\rahman\template\V0\superspace-zian\v0-remix-of-superspace-app-aazian\[39mtests\shared\import-validation.test.ts:114:23
    at [90mfile:///C:/rahman/template/V0/superspace-zian/v0-remix-of-superspace-app-aazian/[39mnode_modules/[4m.pnpm[24m/@vitest+runner@2.1.9/node_modules/[4m@vitest[24m/runner/dist/index.js:533:5
    at runTest [90m(file:///C:/rahman/template/V0/superspace-zian/v0-remix-of-superspace-app-aazian/[39mnode_modules/[4m.pnpm[24m/@vitest+runner@2.1.9/node_modules/[4m@vitest[24m/runner/dist/index.js:1056:11[90m)[39m
    at runSuite [90m(file:///C:/rahman/template/V0/superspace-zian/v0-remix-of-superspace-app-aazian/[39mnode_modules/[4m.pnpm[24m/@vitest+runner@2.1.9/node_modules/[4m@vitest[24m/runner/dist/index.js:1205:15[90m)[39m
    at runSuite [90m(file:///C:/rahman/template/V0/superspace-zian/v0-remix-of-superspace-app-aazian/[39mnode_modules/[4m.pnpm[24m/@vitest+runner@2.1.9/node_modules/[4m@vitest[24m/runner/dist/index.js:1205:15[90m)[39m {
  code: [32m'ERR_MODULE_NOT_FOUND'[39m
}

[90mstdout[2m | tests/debug-workspace.test.ts[2m > [22m[2mDebug Workspace Module Loading[2m > [22m[2mshould list all loaded modules
[22m[39m
=== ALL MODULES ===
../convex/_generated/api.d.ts:
  - Type: object
  - isFunction: false
  - isObject: true
  - hasDefault: false
  - Exports: (none)
../convex/_generated/dataModel.d.ts:
  - Type: object
  - isFunction: false
  - isObject: true
  - hasDefault: false
  - Exports: (none)
../convex/_generated/server.d.ts:
  - Type: object
  - isFunction: false
  - isObject: true
  - hasDefault: false
  - Exports: (none)
../convex/auth.config.ts:
  - Type: object
  - isFunction: false
  - isObject: true
  - hasDefault: true
  - Exports: default
../convex/auth/auth.ts:
  - Type: object
  - isFunction: false
  - isObject: true
  - hasDefault: false
  - Exports: auth, signIn, signOut, store, isAuthenticated, loggedInUser
../convex/auth/helpers.ts:
  - Type: object
  - isFunction: false
  - isObject: true
  - hasDefault: false
  - Exports: PROVIDER_CLERK, resolveCandidateUserIds, getExistingUserId, ensureUser, requireActiveMembership, hasPermission, requirePermission, canPermission
../convex/components/registry.ts:
  - Type: object
  - isFunction: false
  - isObject: true
  - hasDefault: false
  - Exports: createComponent, addComponentVersion, addAlias, resolveAlias, getComponentByKey, listComponentVersions, updateVersionStatus, searchComponents, listComponents
../convex/convex.config.ts:
  - Type: object
  - isFunction: false
  - isObject: true
  - hasDefault: true
  - Exports: default
../convex/dev/seedFeatures.ts:
  - Type: object
  - isFunction: false
  - isObject: true
  - hasDefault: false
  - Exports: FEATURE_DEFINITIONS, seedMultipleFeatures, getFeatureStatus, updateFeatureToLatest
../convex/features/_schema.ts:
  - Type: object
  - isFunction: false
  - isObject: true
  - hasDefault: false
  - Exports: featureTables
../convex/features/activity/api/schema.ts:
  - Type: object
  - isFunction: false
  - isObject: true
  - hasDefault: false
  - Exports: activityEvents, activityTables
../convex/features/calendar/index.ts:
  - Type: object
  - isFunction: false
  - isObject: true
  - hasDefault: false
  - Exports: queries, mutations
../convex/features/calendar/mutations.ts:
  - Type: object
  - isFunction: false
  - isObject: true
  - hasDefault: false
  - Exports: create, update, remove
../convex/features/calendar/queries.ts:
  - Type: object
  - isFunction: false
  - isObject: true
  - hasDefault: false
  - Exports: list, get
../convex/features/calls/api/schema.ts:
  - Type: object
  - isFunction: false
  - isObject: true
  - hasDefault: false
  - Exports: calls, callParticipants, callTables
../convex/features/canvas/api/schema.ts:
  - Type: object
  - isFunction: false
  - isObject: true
  - hasDefault: false
  - Exports: canvasElements, canvasPages, canvasTables
../convex/features/chat/api/schema.ts:
  - Type: object
  - isFunction: false
  - isObject: true
  - hasDefault: false
  - Exports: conversations, conversationParticipants, messages, messageReactions, chatTables
../convex/features/cms/actions.ts:
  - Type: object
  - isFunction: false
  - isObject: true
  - hasDefault: false
  - Exports: processScheduledActions
../convex/features/cms/api/schema.ts:
  - Type: object
  - isFunction: false
  - isObject: true
  - hasDefault: false
  - Exports: cmsTables
../convex/features/cms/mutations.ts:
  - Type: object
  - isFunction: false
  - isObject: true
  - hasDefault: false
  - Exports: createCollection, updateCollection, deleteCollection, createEntry, updateEntry, publishEntry, unpublishEntry, revertEntryToVersion, createGlobal, saveGlobal, uploadMedia
../convex/features/cms/queries.ts:
  - Type: object
  - isFunction: false
  - isObject: true
  - hasDefault: false
  - Exports: getCollections, getCollectionBySlug, listEntries, getEntryBySlug, getGlobals, getGlobalBySlug, getVersions, getMediaAssets
../convex/features/cms/scheduler.ts:
  - Type: object
  - isFunction: false
  - isObject: true
  - hasDefault: true
  - Exports: default
../convex/features/comments/index.ts:
  - Type: object
  - isFunction: false
  - isObject: true
  - hasDefault: false
  - Exports: getEntityComments, getCommentThread, searchComments, createComment, updateComment, deleteComment, resolveComment
../convex/features/comments/mutations.ts:
  - Type: object
  - isFunction: false
  - isObject: true
  - hasDefault: false
  - Exports: createComment, updateComment, deleteComment, resolveComment
../convex/features/comments/queries.ts:
  - Type: object
  - isFunction: false
  - isObject: true
  - hasDefault: false
  - Exports: getEntityComments, getCommentThread, searchComments
../convex/features/content/api/schema.ts:
  - Type: object
  - isFunction: false
  - isObject: true
  - hasDefault: false
  - Exports: reports, calendar, tasks, wiki, contentTables
../convex/features/core/api/schema.ts:
  - Type: object
  - isFunction: false
  - isObject: true
  - hasDefault: false
  - Exports: userPrivacySettings, organizations, organizationMemberships, workspaces, roles, workspaceMemberships, invitations, coreTables
../convex/features/crm/api/schema.ts:
  - Type: object
  - isFunction: false
  - isObject: true
  - hasDefault: false
  - Exports: crmCustomers, crmTables
../convex/features/crm/index.ts:
  - Type: object
  - isFunction: false
  - isObject: true
  - hasDefault: false
  - Exports: getWorkspaceCustomers, getCustomer, getMyCustomers, searchCustomers, createCustomer, updateCustomer, deleteCustomer
../convex/features/crm/mutations.ts:
  - Type: object
  - isFunction: false
  - isObject: true
  - hasDefault: false
  - Exports: createCustomer, updateCustomer, deleteCustomer
../convex/features/crm/queries.ts:
  - Type: object
  - isFunction: false
  - isObject: true
  - hasDefault: false
  - Exports: getWorkspaceCustomers, getCustomer, getMyCustomers, searchCustomers
../convex/features/database/api/schema.ts:
  - Type: object
  - isFunction: false
  - isObject: true
  - hasDefault: false
  - Exports: dbTables, dbFields, dbViews, dbRows, databaseTables
../convex/features/database/databases.ts:
  - Type: object
  - isFunction: false
  - isObject: true
  - hasDefault: false
  - Exports: list, search, get, create, updateTitle, togglePublic, update, deleteDatabase, getDatabase, createDatabase, updateDatabase, getWorkspaceDatabases, searchDatabases
../convex/features/database/fields.ts:
  - Type: object
  - isFunction: false
  - isObject: true
  - hasDefault: false
  - Exports: list, create, update, reorder, deleteField
../convex/features/database/index.ts:
  - Type: object
  - isFunction: false
  - isObject: true
  - hasDefault: false
  - Exports: queries, mutations
../convex/features/database/mutations.ts:
  - Type: object
  - isFunction: false
  - isObject: true
  - hasDefault: false
  - Exports: createTable, updateTable, deleteTable, duplicateTable, createField, updateField, deleteField, reorderField, createRow, updateRow, deleteRow, createView, updateView, deleteView, setDefaultView
../convex/features/database/queries.ts:
  - Type: object
  - isFunction: false
  - isObject: true
  - hasDefault: false
  - Exports: list, search, get, getRow, listRows, listFields, listViews
../convex/features/database/rows.ts:
  - Type: object
  - isFunction: false
  - isObject: true
  - hasDefault: false
  - Exports: list, get, create, update, deleteRow
../convex/features/database/tables.ts:
  - Type: object
  - isFunction: false
  - isObject: true
  - hasDefault: false
  - Exports: list, get, create, update, deleteTable, duplicate
../convex/features/database/utils.ts:
  - Type: object
  - isFunction: false
  - isObject: true
  - hasDefault: false
  - Exports: hasWorkspaceAccess, assertWorkspaceAccess, nextOrderValue
../convex/features/docs/api/schema.ts:
  - Type: object
  - isFunction: false
  - isObject: true
  - hasDefault: false
  - Exports: documents, comments, presence, docsTables
../convex/features/menus/api/schema.ts:
  - Type: object
  - isFunction: false
  - isObject: true
  - hasDefault: false
  - Exports: menuItems, roleMenuPermissions, menus, menuSets, workspaceMenuAssignments, userMenuAssignments, components, componentVersions, componentAliases, menuItemComponents, menuTables
../convex/features/notifications/api/schema.ts:
  - Type: object
  - isFunction: false
  - isObject: true
  - hasDefault: false
  - Exports: systemNotifications, notifications, notificationTables
../convex/features/notifications/index.ts:
  - Type: object
  - isFunction: false
  - isObject: true
  - hasDefault: false
  - Exports: getMyNotifications, getUnreadCount, getActivityFeed, createNotification, markAsRead, markAllAsRead, deleteNotification
../convex/features/notifications/mutations.ts:
  - Type: object
  - isFunction: false
  - isObject: true
  - hasDefault: false
  - Exports: createNotification, markAsRead, markAllAsRead, deleteNotification
../convex/features/notifications/queries.ts:
  - Type: object
  - isFunction: false
  - isObject: true
  - hasDefault: false
  - Exports: getMyNotifications, getUnreadCount, getActivityFeed
../convex/features/projects/api/schema.ts:
  - Type: object
  - isFunction: false
  - isObject: true
  - hasDefault: false
  - Exports: projects, projectMembers, projectTables
../convex/features/projects/index.ts:
  - Type: object
  - isFunction: false
  - isObject: true
  - hasDefault: false
  - Exports: getWorkspaceProjects, getProject, getMyProjects, createProject, updateProject, addProjectMember, removeProjectMember
../convex/features/projects/mutations.ts:
  - Type: object
  - isFunction: false
  - isObject: true
  - hasDefault: false
  - Exports: createProject, updateProject, addProjectMember, removeProjectMember
../convex/features/projects/queries.ts:
  - Type: object
  - isFunction: false
  - isObject: true
  - hasDefault: false
  - Exports: getWorkspaceProjects, getProject, getMyProjects
../convex/features/reports/index.ts:
  - Type: object
  - isFunction: false
  - isObject: true
  - hasDefault: false
  - Exports: queries, mutations
../convex/features/reports/mutations.ts:
  - Type: object
  - isFunction: false
  - isObject: true
  - hasDefault: false
  - Exports: create, update, remove
../convex/features/reports/queries.ts:
  - Type: object
  - isFunction: false
  - isObject: true
  - hasDefault: false
  - Exports: list, get
../convex/features/social/api/schema.ts:
  - Type: object
  - isFunction: false
  - isObject: true
  - hasDefault: false
  - Exports: friendRequests, friendships, starredItems, socialTables
../convex/features/status/api/schema.ts:
  - Type: object
  - isFunction: false
  - isObject: true
  - hasDefault: false
  - Exports: statuses, statusViews, statusTables
../convex/features/support/api/schema.ts:
  - Type: object
  - isFunction: false
  - isObject: true
  - hasDefault: false
  - Exports: supportTickets, supportTables
../convex/features/support/index.ts:
  - Type: object
  - isFunction: false
  - isObject: true
  - hasDefault: false
  - Exports: getWorkspaceTickets, getTicket, getMyTickets, getCustomerTickets, createTicket, updateTicketStatus, assignTicket, addInternalNote, updateTicket
../convex/features/support/mutations.ts:
  - Type: object
  - isFunction: false
  - isObject: true
  - hasDefault: false
  - Exports: createTicket, updateTicketStatus, assignTicket, addInternalNote, updateTicket
../convex/features/support/queries.ts:
  - Type: object
  - isFunction: false
  - isObject: true
  - hasDefault: false
  - Exports: getWorkspaceTickets, getTicket, getMyTickets, getCustomerTickets
../convex/features/tasks/index.ts:
  - Type: object
  - isFunction: false
  - isObject: true
  - hasDefault: false
  - Exports: queries, mutations
../convex/features/tasks/mutations.ts:
  - Type: object
  - isFunction: false
  - isObject: true
  - hasDefault: false
  - Exports: create, update, remove
../convex/features/tasks/queries.ts:
  - Type: object
  - isFunction: false
  - isObject: true
  - hasDefault: false
  - Exports: list, get
../convex/features/wiki/index.ts:
  - Type: object
  - isFunction: false
  - isObject: true
  - hasDefault: false
  - Exports: queries, mutations
../convex/features/wiki/mutations.ts:
  - Type: object
  - isFunction: false
  - isObject: true
  - hasDefault: false
  - Exports: create, update, remove
../convex/features/wiki/queries.ts:
  - Type: object
  - isFunction: false
  - isObject: true
  - hasDefault: false
  - Exports: list, get
../convex/features/workflows/api/schema.ts:
  - Type: object
  - isFunction: false
  - isObject: true
  - hasDefault: false
  - Exports: workflows, workflowExecutions, workflowTables
../convex/features/workflows/index.ts:
  - Type: object
  - isFunction: false
  - isObject: true
  - hasDefault: false
  - Exports: getWorkspaceWorkflows, getWorkflow, getWorkflowExecutions, createWorkflow, updateWorkflow, executeWorkflow, cancelExecution, deleteWorkflow
../convex/features/workflows/mutations.ts:
  - Type: object
  - isFunction: false
  - isObject: true
  - hasDefault: false
  - Exports: createWorkflow, updateWorkflow, executeWorkflow, cancelExecution, deleteWorkflow
../convex/features/workflows/queries.ts:
  - Type: object
  - isFunction: false
  - isObject: true
  - hasDefault: false
  - Exports: getWorkspaceWorkflows, getWorkflow, getWorkflowExecutions
../convex/http.ts:
  - Type: object
  - isFunction: false
  - isObject: true
  - hasDefault: true
  - Exports: default
../convex/lib/utils.ts:
  - Type: object
  - isFunction: false
  - isObject: true
  - hasDefault: false
  - Exports: normalizeSlug
../convex/menu/chat/conversations.ts:
  - Type: object
  - isFunction: false
  - isObject: true
  - hasDefault: false
  - Exports: getWorkspaceConversations, getGlobalConversations, getConversation, createConversation, createOrGetDirectGlobal, leaveConversation, searchConversations, updateConversation, markAsRead, addParticipant, removeParticipant
../convex/menu/chat/messageReactions.ts:
  - Type: object
  - isFunction: false
  - isObject: true
  - hasDefault: false
  - Exports: addReaction, removeReaction, getReactionsForMessage
../convex/menu/chat/messages.ts:
  - Type: object
  - isFunction: false
  - isObject: true
  - hasDefault: false
  - Exports: getConversationMessages, getRecentMessages, sendMessage, deleteMessage, editMessage, markReadTo, addReaction, removeReaction, searchMessages, generateUploadUrl, getFileUrls, getConversationForAI, getRecentMessagesForAI, sendAIMessage, generateAIResponse
../convex/menu/page/documents.ts:
  - Type: object
  - isFunction: false
  - isObject: true
  - hasDefault: false
  - Exports: list, search, get, create, updateTitle, togglePublic, update, deleteDocument, getDocument, createDocument, updateDocument, getWorkspaceDocuments, searchDocuments
../convex/menu/page/presence.ts:
  - Type: object
  - isFunction: false
  - isObject: true
  - hasDefault: false
  - Exports: presence, getUserId, heartbeat, list, disconnect
../convex/menu/page/prosemirror.ts:
  - Type: object
  - isFunction: false
  - isObject: true
  - hasDefault: false
  - Exports: getSnapshot, submitSnapshot, latestVersion, getSteps, submitSteps
../convex/menu/store/itemComponents.ts:
  - Type: object
  - isFunction: false
  - isObject: true
  - hasDefault: false
  - Exports: addBinding, listBindingsForMenuItem, removeBinding
../convex/menu/store/menuItems.ts:
  - Type: object
  - isFunction: false
  - isObject: true
  - hasDefault: false
  - Exports: getWorkspaceMenuItems, getMenuItem, getMenuItemBySlug, createDefaultMenuItems, setMenuItemComponent, listWorkspaceRoutesResolved, getComponentUsage, syncMenuMappings, installFeatureMenus, seedMenuFeature, getAvailableFeatureMenus, getMenuUpdates, updateMenuItem, setMenuItemFeatureType, createMenuItem, syncWorkspaceDefaultMenus, deleteMenuItem, getMenuBreadcrumbs, updateMenuOrder, renameMenuItem, duplicateMenuItem, shareMenuItem, importMenuFromShareableId
../convex/menu/store/menu_manifest_data.ts:
  - Type: object
  - isFunction: false
  - isObject: true
  - hasDefault: false
  - Exports: DEFAULT_MENU_ITEMS
../convex/menu/store/menus.ts:
  - Type: object
  - isFunction: false
  - isObject: true
  - hasDefault: false
  - Exports: getMenuSiblings, getBreadcrumbPath, createMenuStructure
../convex/menu/store/optional_features_catalog.ts:
  - Type: object
  - isFunction: false
  - isObject: true
  - hasDefault: false
  - Exports: OPTIONAL_FEATURES_CATALOG
../convex/menu/store/sets.ts:
  - Type: object
  - isFunction: false
  - isObject: true
  - hasDefault: false
  - Exports: createMenuSet, assignMenuSetToWorkspace, setWorkspaceDefaultMenuSet, listWorkspaceMenuSets, assignMenuSetToUser, forkDefaultWorkspaceMenuSetForUser
../convex/payment/paymentAttemptTypes.ts:
  - Type: object
  - isFunction: false
  - isObject: true
  - hasDefault: false
  - Exports: paymentAttemptValidators, paymentAttemptDataValidator, paymentAttemptSchemaValidator, transformWebhookData
../convex/payment/paymentAttempts.ts:
  - Type: object
  - isFunction: false
  - isObject: true
  - hasDefault: false
  - Exports: savePaymentAttempt
../convex/router.ts:
  - Type: object
  - isFunction: false
  - isObject: true
  - hasDefault: true
  - Exports: default
../convex/schema.ts:
  - Type: object
  - isFunction: false
  - isObject: true
  - hasDefault: true
  - Exports: default
../convex/user/friends.ts:
  - Type: object
  - isFunction: false
  - isObject: true
  - hasDefault: false
  - Exports: getUserFriends, sendFriendRequest, acceptFriendRequest, declineFriendRequest, getPendingFriendRequests, removeFriend, getSentFriendRequests
../convex/user/users.ts:
  - Type: object
  - isFunction: false
  - isObject: true
  - hasDefault: false
  - Exports: current, upsertFromClerk, deleteFromClerk, getCurrentUserOrThrow, getCurrentUser, updateUserProfile
../convex/workspace/activity.ts:
  - Type: object
  - isFunction: false
  - isObject: true
  - hasDefault: false
  - Exports: logEvent, listWorkspaceEvents
../convex/workspace/comments.ts:
  - Type: object
  - isFunction: false
  - isObject: true
  - hasDefault: false
  - Exports: getDocumentComments, addComment, resolveComment
../convex/workspace/debug.ts:
  - Type: object
  - isFunction: false
  - isObject: true
  - hasDefault: false
  - Exports: whoAmI, diagnoseWorkspaces
../convex/workspace/health.ts:
  - Type: object
  - isFunction: false
  - isObject: true
  - hasDefault: false
  - Exports: checkWorkspaceHealth, checkAllWorkspacesHealth, fixWorkspaceIssues, migrateAllBrokenWorkspaces
../convex/workspace/invitations.ts:
  - Type: object
  - isFunction: false
  - isObject: true
  - hasDefault: false
  - Exports: sendWorkspaceInvitation, getWorkspaceInvitations, sendPersonalInvitation, getUserInvitations, acceptInvitation, declineInvitation, cancelInvitation, getInvitationByToken, acceptInvitationByToken
../convex/workspace/notifications.ts:
  - Type: object
  - isFunction: false
  - isObject: true
  - hasDefault: false
  - Exports: getUserNotifications, createNotification, markAsRead, markAllAsRead, deleteNotification
../convex/workspace/permissions.ts:
  - Type: object
  - isFunction: false
  - isObject: true
  - hasDefault: false
  - Exports: PERMS, PERMISSIONS
../convex/workspace/roleMenuPermissions.ts:
  - Type: object
  - isFunction: false
  - isObject: true
  - hasDefault: false
  - Exports: upsertRoleMenuPermission, deleteRoleMenuPermission, getPermissionsForRole
../convex/workspace/roles.ts:
  - Type: object
  - isFunction: false
  - isObject: true
  - hasDefault: false
  - Exports: getAllRoles, setupBasicRoles, hasPermission, createRole
../convex/workspace/search.ts:
  - Type: object
  - isFunction: false
  - isObject: true
  - hasDefault: false
  - Exports: globalSearch
../convex/workspace/settings.ts:
  - Type: object
  - isFunction: false
  - isObject: true
  - hasDefault: false
  - Exports: updateSettings, getSettings, validateSettings, getSettingsHistory, resetToDefaults
../convex/workspace/workspaces.ts:
  - Type: object
  - isFunction: false
  - isObject: true
  - hasDefault: false
  - Exports: getUserWorkspaces, getWorkspace, getWorkspaceMembers, createWorkspace, updateWorkspace, joinWorkspaceById, updateMemberRole, addMember, removeMember, leaveWorkspace, backfillMembershipsForCurrentUser, deleteWorkspace, resetWorkspace
../convex/_generated/api.js:
  - Type: object
  - isFunction: false
  - isObject: true
  - hasDefault: false
  - Exports: api, internal, components
../convex/_generated/server.js:
  - Type: object
  - isFunction: false
  - isObject: true
  - hasDefault: false
  - Exports: query, internalQuery, mutation, internalMutation, action, internalAction, httpAction
=== END ===


 [32m✓[39m tests/debug-workspace.test.ts [2m([22m[2m1 test[22m[2m)[22m[90m 11[2mms[22m[39m
 [31m❯[39m tests/shared/import-validation.test.ts [2m([22m[2m46 tests[22m[2m | [22m[31m19 failed[39m[2m | [22m[33m10 skipped[39m[2m)[22m[33m 5236[2mms[22m[39m
[31m   [31m×[31m Shared Import Validation - Baseline[2m > [22mBuilder Domain Imports[2m > [22mshould import canvas core functionality[33m 4327[2mms[22m[31m[39m
[31m     → Failed to load url @convex/_generated/api (resolved id: @convex/_generated/api) in C:/rahman/template/V0/superspace-zian/v0-remix-of-superspace-app-aazian/frontend/shared/ui/layout/menus/components/BreadcrumbNavigation.tsx. Does the file exist?[39m
[31m   [31m×[31m Shared Import Validation - Baseline[2m > [22mBuilder Domain Imports[2m > [22mshould import canvas hooks[90m 9[2mms[22m[31m[39m
[31m     → expected undefined to be defined[39m
[31m   [31m×[31m Shared Import Validation - Baseline[2m > [22mBuilder Domain Imports[2m > [22mshould import inspector components[90m 2[2mms[22m[31m[39m
[31m     → Failed to load url @convex/_generated/api (resolved id: @convex/_generated/api) in C:/rahman/template/V0/superspace-zian/v0-remix-of-superspace-app-aazian/frontend/shared/ui/layout/menus/components/BreadcrumbNavigation.tsx. Does the file exist?[39m
[31m   [31m×[31m Shared Import Validation - Baseline[2m > [22mBuilder Domain Imports[2m > [22mshould import template library[90m 1[2mms[22m[31m[39m
[31m     → Failed to load url @convex/_generated/api (resolved id: @convex/_generated/api) in C:/rahman/template/V0/superspace-zian/v0-remix-of-superspace-app-aazian/frontend/shared/ui/layout/menus/components/BreadcrumbNavigation.tsx. Does the file exist?[39m
[31m   [31m×[31m Shared Import Validation - Baseline[2m > [22mBuilder Domain Imports[2m > [22mshould import component utils[90m 3[2mms[22m[31m[39m
[31m     → Cannot find module '@/frontend/shared/ui/componentFactory' imported from 'C:/rahman/template/V0/superspace-zian/v0-remix-of-superspace-app-aazian/tests/shared/import-validation.test.ts'.

- If you rely on tsconfig.json's "paths" to resolve modules, please install "vite-tsconfig-paths" plugin to handle module resolution.
- Make sure you don't have relative aliases in your Vitest config. Use absolute paths instead. Read more: https://vitest.dev/guide/common-errors[39m
[31m   [31m×[31m Shared Import Validation - Baseline[2m > [22mSettings Domain Imports[2m > [22mshould import settings registry[90m 163[2mms[22m[31m[39m
[31m     → Failed to load url @convex/_generated/api (resolved id: @convex/_generated/api) in C:/rahman/template/V0/superspace-zian/v0-remix-of-superspace-app-aazian/frontend/shared/ui/layout/menus/components/BreadcrumbNavigation.tsx. Does the file exist?[39m
[31m   [31m×[31m Shared Import Validation - Baseline[2m > [22mSettings Domain Imports[2m > [22mshould import workspace settings[90m 83[2mms[22m[31m[39m
[31m     → Failed to load url @convex/_generated/api (resolved id: @convex/_generated/api) in C:/rahman/template/V0/superspace-zian/v0-remix-of-superspace-app-aazian/frontend/shared/ui/layout/menus/components/BreadcrumbNavigation.tsx. Does the file exist?[39m
[31m   [31m×[31m Shared Import Validation - Baseline[2m > [22mCommunications Domain Imports[2m > [22mshould import chat components[90m 2[2mms[22m[31m[39m
[31m     → Cannot find module '@/frontend/shared/communications/components/ChatContainer' imported from 'C:/rahman/template/V0/superspace-zian/v0-remix-of-superspace-app-aazian/tests/shared/import-validation.test.ts'.

- If you rely on tsconfig.json's "paths" to resolve modules, please install "vite-tsconfig-paths" plugin to handle module resolution.
- Make sure you don't have relative aliases in your Vitest config. Use absolute paths instead. Read more: https://vitest.dev/guide/common-errors[39m
[31m   [31m×[31m Shared Import Validation - Baseline[2m > [22mUI Domain Imports[2m > [22mshould import form components[90m 2[2mms[22m[31m[39m
[31m     → Cannot find module '@/frontend/shared/ui/components/Input/Input.component' imported from 'C:/rahman/template/V0/superspace-zian/v0-remix-of-superspace-app-aazian/tests/shared/import-validation.test.ts'.

- If you rely on tsconfig.json's "paths" to resolve modules, please install "vite-tsconfig-paths" plugin to handle module resolution.
- Make sure you don't have relative aliases in your Vitest config. Use absolute paths instead. Read more: https://vitest.dev/guide/common-errors[39m
[31m   [31m×[31m Shared Import Validation - Baseline[2m > [22mFoundation Domain Imports[2m > [22mshould import auth components[33m 416[2mms[22m[31m[39m
[31m     → Cannot find package 'C:\rahman\template\V0\superspace-zian\v0-remix-of-superspace-app-aazian\node_modules\.pnpm\@radix-ui+react-dialog@1.1.15_@types+react-dom@18.2.18_@types+react@18.2.47_react-dom@18.2.0_react@18.2.0__react@18.2.0\node_modules\react-remove-scroll\dist\es5\index.js' imported from C:\rahman\template\V0\superspace-zian\v0-remix-of-superspace-app-aazian\node_modules\.pnpm\@radix-ui+react-dialog@1.1.15_@types+react-dom@18.2.18_@types+react@18.2.47_react-dom@18.2.0_react@18.2.0__react@18.2.0\node_modules\@radix-ui\react-dialog\dist\index.mjs
Did you mean to import "react-remove-scroll/dist/es5/index.js"?[39m
[31m   [31m×[31m Shared Import Validation - Baseline[2m > [22mFoundation Domain Imports[2m > [22mshould import utility functions[90m 1[2mms[22m[31m[39m
[31m     → Cannot find module '@/frontend/shared/ui/componentFactory' imported from 'C:/rahman/template/V0/superspace-zian/v0-remix-of-superspace-app-aazian/tests/shared/import-validation.test.ts'.

- If you rely on tsconfig.json's "paths" to resolve modules, please install "vite-tsconfig-paths" plugin to handle module resolution.
- Make sure you don't have relative aliases in your Vitest config. Use absolute paths instead. Read more: https://vitest.dev/guide/common-errors[39m
[31m   [31m×[31m Feature Import Validation - Critical Paths[2m > [22mCMS Feature Dependencies[2m > [22mshould import canvas provider[90m 1[2mms[22m[31m[39m
[31m     → Failed to load url @convex/_generated/api (resolved id: @convex/_generated/api) in C:/rahman/template/V0/superspace-zian/v0-remix-of-superspace-app-aazian/frontend/shared/ui/layout/menus/components/BreadcrumbNavigation.tsx. Does the file exist?[39m
[31m   [31m×[31m Feature Import Validation - Critical Paths[2m > [22mCMS Feature Dependencies[2m > [22mshould import inspector components[90m 1[2mms[22m[31m[39m
[31m     → Failed to load url @convex/_generated/api (resolved id: @convex/_generated/api) in C:/rahman/template/V0/superspace-zian/v0-remix-of-superspace-app-aazian/frontend/shared/ui/layout/menus/components/BreadcrumbNavigation.tsx. Does the file exist?[39m
[31m   [31m×[31m Feature Import Validation - Critical Paths[2m > [22mCMS Feature Dependencies[2m > [22mshould import template library[90m 0[2mms[22m[31m[39m
[31m     → Failed to load url @convex/_generated/api (resolved id: @convex/_generated/api) in C:/rahman/template/V0/superspace-zian/v0-remix-of-superspace-app-aazian/frontend/shared/ui/layout/menus/components/BreadcrumbNavigation.tsx. Does the file exist?[39m
[31m   [31m×[31m Feature Import Validation - Critical Paths[2m > [22mChat Feature Dependencies[2m > [22mshould import chat components from shared[90m 3[2mms[22m[31m[39m
[31m     → Cannot find module '@/frontend/shared/communications/components/ChatContainer' imported from 'C:/rahman/template/V0/superspace-zian/v0-remix-of-superspace-app-aazian/tests/shared/import-validation.test.ts'.

- If you rely on tsconfig.json's "paths" to resolve modules, please install "vite-tsconfig-paths" plugin to handle module resolution.
- Make sure you don't have relative aliases in your Vitest config. Use absolute paths instead. Read more: https://vitest.dev/guide/common-errors[39m
[31m   [31m×[31m Feature Import Validation - Critical Paths[2m > [22mSettings Feature Dependencies[2m > [22mshould import settings registry[90m 1[2mms[22m[31m[39m
[31m     → Failed to load url @convex/_generated/api (resolved id: @convex/_generated/api) in C:/rahman/template/V0/superspace-zian/v0-remix-of-superspace-app-aazian/frontend/shared/ui/layout/menus/components/BreadcrumbNavigation.tsx. Does the file exist?[39m
[31m   [31m×[31m Feature Import Validation - Critical Paths[2m > [22mSettings Feature Dependencies[2m > [22mshould import workspace settings[90m 1[2mms[22m[31m[39m
[31m     → Failed to load url @convex/_generated/api (resolved id: @convex/_generated/api) in C:/rahman/template/V0/superspace-zian/v0-remix-of-superspace-app-aazian/frontend/shared/ui/layout/menus/components/BreadcrumbNavigation.tsx. Does the file exist?[39m
[31m   [31m×[31m Cross-Domain Dependencies[2m > [22mshould allow foundation imports from all domains[90m 1[2mms[22m[31m[39m
[31m     → Cannot find module '@/frontend/shared/ui/componentFactory' imported from 'C:/rahman/template/V0/superspace-zian/v0-remix-of-superspace-app-aazian/tests/shared/import-validation.test.ts'.

- If you rely on tsconfig.json's "paths" to resolve modules, please install "vite-tsconfig-paths" plugin to handle module resolution.
- Make sure you don't have relative aliases in your Vitest config. Use absolute paths instead. Read more: https://vitest.dev/guide/common-errors[39m
[31m   [31m×[31m Import Performance[2m > [22mshould import quickly (baseline)[90m 1[2mms[22m[31m[39m
[31m     → Failed to load url @convex/_generated/api (resolved id: @convex/_generated/api) in C:/rahman/template/V0/superspace-zian/v0-remix-of-superspace-app-aazian/frontend/shared/ui/layout/menus/components/BreadcrumbNavigation.tsx. Does the file exist?[39m

[31m⎯⎯⎯⎯⎯⎯[1m[7m Failed Tests 22 [27m[22m⎯⎯⎯⎯⎯⎯⎯[39m

[31m[1m[7m FAIL [27m[22m[39m tests/shared/auto-discovery.test.ts[2m > [22mAuto-Discovery Pattern[2m > [22mComponent Registry[2m > [22mshould auto-load component wrappers using glob
[31m[1mAssertionError[22m: expected 0 to be greater than 0[39m
[36m [2m❯[22m tests/shared/auto-discovery.test.ts:[2m54:38[22m[39m
    [90m 52| [39m      [90m// Registry should be populated at module load time[39m
    [90m 53| [39m      [34mexpect[39m(componentRegistry)[33m.[39m[34mtoBeInstanceOf[39m([33mMap[39m)
    [90m 54| [39m      [34mexpect[39m(componentRegistry[33m.[39msize)[33m.[39m[34mtoBeGreaterThan[39m([34m0[39m)
    [90m   | [39m                                     [31m^[39m
    [90m 55| [39m    })
    [90m 56| [39m

[31m[2m⎯⎯⎯⎯⎯⎯⎯⎯⎯⎯⎯⎯⎯⎯⎯⎯⎯⎯⎯⎯⎯⎯⎯[1/22]⎯[22m[39m

[31m[1m[7m FAIL [27m[22m[39m tests/shared/auto-discovery.test.ts[2m > [22mAuto-Discovery Pattern[2m > [22mComponent Registry[2m > [22mshould discover known components (Button, Input, Card)
[31m[1mAssertionError[22m: expected undefined to be defined[39m
[36m [2m❯[22m tests/shared/auto-discovery.test.ts:[2m84:22[22m[39m
    [90m 82| [39m      [35mconst[39m card [33m=[39m [34mgetComponentWrapper[39m([32m"card"[39m)
    [90m 83| [39m
    [90m 84| [39m      [34mexpect[39m(button)[33m.[39m[34mtoBeDefined[39m()
    [90m   | [39m                     [31m^[39m
    [90m 85| [39m      [34mexpect[39m(button[33m?.[39mid)[33m.[39m[34mtoBe[39m([32m"button"[39m)
    [90m 86| [39m      [34mexpect[39m(button[33m?.[39mtype)[33m.[39m[34mtoBe[39m([32m"component"[39m)

[31m[2m⎯⎯⎯⎯⎯⎯⎯⎯⎯⎯⎯⎯⎯⎯⎯⎯⎯⎯⎯⎯⎯⎯⎯[2/22]⎯[22m[39m

[31m[1m[7m FAIL [27m[22m[39m tests/shared/auto-discovery.test.ts[2m > [22mAuto-Discovery Pattern[2m > [22mGlob Pattern Behavior[2m > [22mshould discover nested directories with ** pattern
[31m[1mAssertionError[22m: expected 0 to be greater than or equal to 3[39m
[36m [2m❯[22m tests/shared/auto-discovery.test.ts:[2m327:36[22m[39m
    [90m325| [39m
    [90m326| [39m      [90m// Should find at least Button, Input, Card (known components)[39m
    [90m327| [39m      [34mexpect[39m(allComponents[33m.[39mlength)[33m.[39m[34mtoBeGreaterThanOrEqual[39m([34m3[39m)
    [90m   | [39m                                   [31m^[39m
    [90m328| [39m    })
    [90m329| [39m  })

[31m[2m⎯⎯⎯⎯⎯⎯⎯⎯⎯⎯⎯⎯⎯⎯⎯⎯⎯⎯⎯⎯⎯⎯⎯[3/22]⎯[22m[39m

[31m[1m[7m FAIL [27m[22m[39m tests/shared/import-validation.test.ts[2m > [22mShared Import Validation - Baseline[2m > [22mBuilder Domain Imports[2m > [22mshould import canvas core functionality
[31m[1m[7m FAIL [27m[22m[39m tests/shared/import-validation.test.ts[2m > [22mShared Import Validation - Baseline[2m > [22mBuilder Domain Imports[2m > [22mshould import inspector components
[31m[1m[7m FAIL [27m[22m[39m tests/shared/import-validation.test.ts[2m > [22mShared Import Validation - Baseline[2m > [22mBuilder Domain Imports[2m > [22mshould import template library
[31m[1m[7m FAIL [27m[22m[39m tests/shared/import-validation.test.ts[2m > [22mShared Import Validation - Baseline[2m > [22mSettings Domain Imports[2m > [22mshould import settings registry
[31m[1m[7m FAIL [27m[22m[39m tests/shared/import-validation.test.ts[2m > [22mShared Import Validation - Baseline[2m > [22mSettings Domain Imports[2m > [22mshould import workspace settings
[31m[1m[7m FAIL [27m[22m[39m tests/shared/import-validation.test.ts[2m > [22mFeature Import Validation - Critical Paths[2m > [22mCMS Feature Dependencies[2m > [22mshould import canvas provider
[31m[1m[7m FAIL [27m[22m[39m tests/shared/import-validation.test.ts[2m > [22mFeature Import Validation - Critical Paths[2m > [22mCMS Feature Dependencies[2m > [22mshould import inspector components
[31m[1m[7m FAIL [27m[22m[39m tests/shared/import-validation.test.ts[2m > [22mFeature Import Validation - Critical Paths[2m > [22mCMS Feature Dependencies[2m > [22mshould import template library
[31m[1m[7m FAIL [27m[22m[39m tests/shared/import-validation.test.ts[2m > [22mFeature Import Validation - Critical Paths[2m > [22mSettings Feature Dependencies[2m > [22mshould import settings registry
[31m[1m[7m FAIL [27m[22m[39m tests/shared/import-validation.test.ts[2m > [22mFeature Import Validation - Critical Paths[2m > [22mSettings Feature Dependencies[2m > [22mshould import workspace settings
[31m[1m[7m FAIL [27m[22m[39m tests/shared/import-validation.test.ts[2m > [22mImport Performance[2m > [22mshould import quickly (baseline)
[31m[1mError[22m: Failed to load url @convex/_generated/api (resolved id: @convex/_generated/api) in C:/rahman/template/V0/superspace-zian/v0-remix-of-superspace-app-aazian/frontend/shared/ui/layout/menus/components/BreadcrumbNavigation.tsx. Does the file exist?[39m
[90m [2m❯[22m loadAndTransform node_modules/.pnpm/vite@5.4.20_@types+node@22.0.0_lightningcss@1.30.1/node_modules/vite/dist/node/chunks/dep-D_zLpgQd.js:[2m51968:17[22m[39m

[31m[2m⎯⎯⎯⎯⎯⎯⎯⎯⎯⎯⎯⎯⎯⎯⎯⎯⎯⎯⎯⎯⎯⎯⎯[4/22]⎯[22m[39m

[31m[1m[7m FAIL [27m[22m[39m tests/shared/import-validation.test.ts[2m > [22mShared Import Validation - Baseline[2m > [22mBuilder Domain Imports[2m > [22mshould import canvas hooks
[31m[1mAssertionError[22m: expected undefined to be defined[39m
[36m [2m❯[22m tests/shared/import-validation.test.ts:[2m31:31[22m[39m
    [90m 29| [39m    [34mit[39m([32m'should import canvas hooks'[39m[33m,[39m [35masync[39m () [33m=>[39m {
    [90m 30| [39m      [35mconst[39m { useSharedCanvas } [33m=[39m [35mawait[39m [35mimport[39m([32m'@/frontend/shared/buil[39m…
    [90m 31| [39m      [34mexpect[39m(useSharedCanvas)[33m.[39m[34mtoBeDefined[39m()
    [90m   | [39m                              [31m^[39m
    [90m 32| [39m      [34mexpect[39m([35mtypeof[39m useSharedCanvas)[33m.[39m[34mtoBe[39m([32m'function'[39m)
    [90m 33| [39m    })

[31m[2m⎯⎯⎯⎯⎯⎯⎯⎯⎯⎯⎯⎯⎯⎯⎯⎯⎯⎯⎯⎯⎯⎯⎯[5/22]⎯[22m[39m

[31m[1m[7m FAIL [27m[22m[39m tests/shared/import-validation.test.ts[2m > [22mShared Import Validation - Baseline[2m > [22mBuilder Domain Imports[2m > [22mshould import component utils
[31m[1mError[22m: Cannot find module '@/frontend/shared/ui/componentFactory' imported from 'C:/rahman/template/V0/superspace-zian/v0-remix-of-superspace-app-aazian/tests/shared/import-validation.test.ts'.

- If you rely on tsconfig.json's "paths" to resolve modules, please install "vite-tsconfig-paths" plugin to handle module resolution.
- Make sure you don't have relative aliases in your Vitest config. Use absolute paths instead. Read more: https://vitest.dev/guide/common-errors[39m
[36m [2m❯[22m tests/shared/import-validation.test.ts:[2m55:35[22m[39m
    [90m 53| [39m
    [90m 54| [39m    [34mit[39m([32m'should import component utils'[39m[33m,[39m [35masync[39m () [33m=>[39m {
    [90m 55| [39m      [35mconst[39m { createComponent } [33m=[39m [35mawait[39m [35mimport[39m(
    [90m   | [39m                                  [31m^[39m
    [90m 56| [39m        [32m'@/frontend/shared/ui/componentFactory'[39m
    [90m 57| [39m      )

[31m[2m⎯⎯⎯⎯⎯⎯⎯⎯⎯⎯⎯⎯⎯⎯⎯⎯⎯⎯⎯⎯⎯⎯⎯[6/22]⎯[22m[39m

[31m[1m[7m FAIL [27m[22m[39m tests/shared/import-validation.test.ts[2m > [22mShared Import Validation - Baseline[2m > [22mCommunications Domain Imports[2m > [22mshould import chat components
[31m[1mError[22m: Cannot find module '@/frontend/shared/communications/components/ChatContainer' imported from 'C:/rahman/template/V0/superspace-zian/v0-remix-of-superspace-app-aazian/tests/shared/import-validation.test.ts'.

- If you rely on tsconfig.json's "paths" to resolve modules, please install "vite-tsconfig-paths" plugin to handle module resolution.
- Make sure you don't have relative aliases in your Vitest config. Use absolute paths instead. Read more: https://vitest.dev/guide/common-errors[39m
[36m [2m❯[22m tests/shared/import-validation.test.ts:[2m96:33[22m[39m
    [90m 94| [39m  [34mdescribe[39m([32m'Communications Domain Imports'[39m[33m,[39m () [33m=>[39m {
    [90m 95| [39m    [34mit[39m([32m'should import chat components'[39m[33m,[39m [35masync[39m () [33m=>[39m {
    [90m 96| [39m      [35mconst[39m { [33mChatContainer[39m } [33m=[39m [35mawait[39m [35mimport[39m(
    [90m   | [39m                                [31m^[39m
    [90m 97| [39m        [32m'@/frontend/shared/communications/components/ChatContainer'[39m
    [90m 98| [39m      )

[31m[2m⎯⎯⎯⎯⎯⎯⎯⎯⎯⎯⎯⎯⎯⎯⎯⎯⎯⎯⎯⎯⎯⎯⎯[7/22]⎯[22m[39m

[31m[1m[7m FAIL [27m[22m[39m tests/shared/import-validation.test.ts[2m > [22mShared Import Validation - Baseline[2m > [22mUI Domain Imports[2m > [22mshould import form components
[31m[1mError[22m: Cannot find module '@/frontend/shared/ui/components/Input/Input.component' imported from 'C:/rahman/template/V0/superspace-zian/v0-remix-of-superspace-app-aazian/tests/shared/import-validation.test.ts'.

- If you rely on tsconfig.json's "paths" to resolve modules, please install "vite-tsconfig-paths" plugin to handle module resolution.
- Make sure you don't have relative aliases in your Vitest config. Use absolute paths instead. Read more: https://vitest.dev/guide/common-errors[39m
[36m [2m❯[22m tests/shared/import-validation.test.ts:[2m140:34[22m[39m
    [90m138| [39m
    [90m139| [39m    [34mit[39m([32m'should import form components'[39m[33m,[39m [35masync[39m () [33m=>[39m {
    [90m140| [39m      [35mconst[39m { [33mInputComponent[39m } [33m=[39m [35mawait[39m [35mimport[39m(
    [90m   | [39m                                 [31m^[39m
    [90m141| [39m        [32m'@/frontend/shared/ui/components/Input/Input.component'[39m
    [90m142| [39m      )

[31m[2m⎯⎯⎯⎯⎯⎯⎯⎯⎯⎯⎯⎯⎯⎯⎯⎯⎯⎯⎯⎯⎯⎯⎯[8/22]⎯[22m[39m

[31m[1m[7m FAIL [27m[22m[39m tests/shared/import-validation.test.ts[2m > [22mShared Import Validation - Baseline[2m > [22mFoundation Domain Imports[2m > [22mshould import auth components
[31m[1mError[22m: Cannot find package 'C:\rahman\template\V0\superspace-zian\v0-remix-of-superspace-app-aazian\node_modules\.pnpm\@radix-ui+react-dialog@1.1.15_@types+react-dom@18.2.18_@types+react@18.2.47_react-dom@18.2.0_react@18.2.0__react@18.2.0\node_modules\react-remove-scroll\dist\es5\index.js' imported from C:\rahman\template\V0\superspace-zian\v0-remix-of-superspace-app-aazian\node_modules\.pnpm\@radix-ui+react-dialog@1.1.15_@types+react-dom@18.2.18_@types+react@18.2.47_react-dom@18.2.0_react@18.2.0__react@18.2.0\node_modules\@radix-ui\react-dialog\dist\index.mjs
Did you mean to import "react-remove-scroll/dist/es5/index.js"?[39m
[31m[2m⎯⎯⎯⎯⎯⎯⎯⎯⎯⎯⎯⎯⎯⎯⎯⎯⎯⎯⎯⎯⎯⎯⎯[9/22]⎯[22m[39m

[31m[1m[7m FAIL [27m[22m[39m tests/shared/import-validation.test.ts[2m > [22mShared Import Validation - Baseline[2m > [22mFoundation Domain Imports[2m > [22mshould import utility functions
[31m[1mError[22m: Cannot find module '@/frontend/shared/ui/componentFactory' imported from 'C:/rahman/template/V0/superspace-zian/v0-remix-of-superspace-app-aazian/tests/shared/import-validation.test.ts'.

- If you rely on tsconfig.json's "paths" to resolve modules, please install "vite-tsconfig-paths" plugin to handle module resolution.
- Make sure you don't have relative aliases in your Vitest config. Use absolute paths instead. Read more: https://vitest.dev/guide/common-errors[39m
[36m [2m❯[22m tests/shared/import-validation.test.ts:[2m181:35[22m[39m
    [90m179| [39m
    [90m180| [39m    [34mit[39m([32m'should import utility functions'[39m[33m,[39m [35masync[39m () [33m=>[39m {
    [90m181| [39m      [35mconst[39m { createComponent } [33m=[39m [35mawait[39m [35mimport[39m(
    [90m   | [39m                                  [31m^[39m
    [90m182| [39m        [32m'@/frontend/shared/ui/componentFactory'[39m
    [90m183| [39m      )

[31m[2m⎯⎯⎯⎯⎯⎯⎯⎯⎯⎯⎯⎯⎯⎯⎯⎯⎯⎯⎯⎯⎯⎯[10/22]⎯[22m[39m

[31m[1m[7m FAIL [27m[22m[39m tests/shared/import-validation.test.ts[2m > [22mFeature Import Validation - Critical Paths[2m > [22mChat Feature Dependencies[2m > [22mshould import chat components from shared
[31m[1mError[22m: Cannot find module '@/frontend/shared/communications/components/ChatContainer' imported from 'C:/rahman/template/V0/superspace-zian/v0-remix-of-superspace-app-aazian/tests/shared/import-validation.test.ts'.

- If you rely on tsconfig.json's "paths" to resolve modules, please install "vite-tsconfig-paths" plugin to handle module resolution.
- Make sure you don't have relative aliases in your Vitest config. Use absolute paths instead. Read more: https://vitest.dev/guide/common-errors[39m
[36m [2m❯[22m tests/shared/import-validation.test.ts:[2m224:33[22m[39m
    [90m222| [39m  [34mdescribe[39m([32m'Chat Feature Dependencies'[39m[33m,[39m () [33m=>[39m {
    [90m223| [39m    [34mit[39m([32m'should import chat components from shared'[39m[33m,[39m [35masync[39m () [33m=>[39m {
    [90m224| [39m      [35mconst[39m { [33mChatContainer[39m } [33m=[39m [35mawait[39m [35mimport[39m(
    [90m   | [39m                                [31m^[39m
    [90m225| [39m        [32m'@/frontend/shared/communications/components/ChatContainer'[39m
    [90m226| [39m      )

[31m[2m⎯⎯⎯⎯⎯⎯⎯⎯⎯⎯⎯⎯⎯⎯⎯⎯⎯⎯⎯⎯⎯⎯[11/22]⎯[22m[39m

[31m[1m[7m FAIL [27m[22m[39m tests/shared/import-validation.test.ts[2m > [22mCross-Domain Dependencies[2m > [22mshould allow foundation imports from all domains
[31m[1mError[22m: Cannot find module '@/frontend/shared/ui/componentFactory' imported from 'C:/rahman/template/V0/superspace-zian/v0-remix-of-superspace-app-aazian/tests/shared/import-validation.test.ts'.

- If you rely on tsconfig.json's "paths" to resolve modules, please install "vite-tsconfig-paths" plugin to handle module resolution.
- Make sure you don't have relative aliases in your Vitest config. Use absolute paths instead. Read more: https://vitest.dev/guide/common-errors[39m
[36m [2m❯[22m tests/shared/import-validation.test.ts:[2m316:33[22m[39m
    [90m314| [39m  [34mit[39m([32m'should allow foundation imports from all domains'[39m[33m,[39m [35masync[39m () [33m=>[39m {
    [90m315| [39m    [90m// Foundation is base layer, all domains can import from it[39m
    [90m316| [39m    [35mconst[39m { createComponent } [33m=[39m [35mawait[39m [35mimport[39m(
    [90m   | [39m                                [31m^[39m
    [90m317| [39m      [32m'@/frontend/shared/ui/componentFactory'[39m
    [90m318| [39m    )

[31m[2m⎯⎯⎯⎯⎯⎯⎯⎯⎯⎯⎯⎯⎯⎯⎯⎯⎯⎯⎯⎯⎯⎯[12/22]⎯[22m[39m

[2m Test Files [22m [1m[31m2 failed[39m[22m[2m | [22m[1m[32m18 passed[39m[22m[90m (20)[39m
[2m      Tests [22m [1m[31m22 failed[39m[22m[2m | [22m[1m[32m106 passed[39m[22m[2m | [22m[33m10 skipped[39m[90m (138)[39m
[2m   Start at [22m 23:10:47
[2m   Duration [22m 7.61s[2m (transform 8.27s, setup 4.50s, collect 20.34s, tests 5.82s, environment 1.96s, prepare 9.96s)[22m

[1m[7m[31m FAIL [39m[27m[22m [31mTests failed. Watching for file changes...[39m
       [2mpress [22m[1mh[22m[2m to show help[22m[2m, [22m[2mpress [22m[1mq[22m[2m to quit[22m
c[3J[1m[7m[34m RERUN [39m[27m[22m [34m[2mfrontend/shared/ui/index.ts [22m[34mx1 [34m[39m

 [31m❯[39m tests/shared/auto-discovery.test.ts [2m([22m[2m28 tests[22m[2m | [22m[31m3 failed[39m[2m)[22m[90m 34[2mms[22m[39m
[31m   [31m×[31m Auto-Discovery Pattern[2m > [22mComponent Registry[2m > [22mshould auto-load component wrappers using glob[90m 15[2mms[22m[31m[39m
[31m     → expected 0 to be greater than 0[39m
[31m   [31m×[31m Auto-Discovery Pattern[2m > [22mComponent Registry[2m > [22mshould discover known components (Button, Input, Card)[90m 2[2mms[22m[31m[39m
[31m     → expected undefined to be defined[39m
[31m   [31m×[31m Auto-Discovery Pattern[2m > [22mGlob Pattern Behavior[2m > [22mshould discover nested directories with ** pattern[90m 1[2mms[22m[31m[39m
[31m     → expected 0 to be greater than or equal to 3[39m
[90mstdout[2m | tests/shared/import-validation.test.ts[2m > [22m[2mShared Import Validation - Baseline[2m > [22m[2mSettings Domain Imports[2m > [22m[2mshould import menu components
[22m[39mMenu components may need index.ts

[90mstdout[2m | tests/shared/import-validation.test.ts[2m > [22m[2mShared Import Validation - Baseline[2m > [22m[2mCommunications Domain Imports[2m > [22m[2mshould import chat hooks
[22m[39mChat hooks import: Error: Cannot find module '@/frontend/shared/communications/hooks' imported from 'C:/rahman/template/V0/superspace-zian/v0-remix-of-superspace-app-aazian/tests/shared/import-validation.test.ts'.

- If you rely on tsconfig.json's "paths" to resolve modules, please install "vite-tsconfig-paths" plugin to handle module resolution.
- Make sure you don't have relative aliases in your Vitest config. Use absolute paths instead. Read more: https://vitest.dev/guide/common-errors
    at VitestExecutor._resolveUrl [90m(file:///C:/rahman/template/V0/superspace-zian/v0-remix-of-superspace-app-aazian/[39mnode_modules/[4m.pnpm[24m/vite-node@2.1.9_@types+node@22.0.0_lightningcss@1.30.1/node_modules/[4mvite-node[24m/dist/client.mjs:229:21[90m)[39m
[90m    at processTicksAndRejections (node:internal/process/task_queues:95:5)[39m
    at VitestExecutor.resolveUrl [90m(file:///C:/rahman/template/V0/superspace-zian/v0-remix-of-superspace-app-aazian/[39mnode_modules/[4m.pnpm[24m/vite-node@2.1.9_@types+node@22.0.0_lightningcss@1.30.1/node_modules/[4mvite-node[24m/dist/client.mjs:252:14[90m)[39m
    at VitestExecutor.resolveUrl [90m(file:///C:/rahman/template/V0/superspace-zian/v0-remix-of-superspace-app-aazian/[39mnode_modules/[4m.pnpm[24m/vitest@2.1.9_@edge-runtime+vm@5.0.0_@types+node@22.0.0_@vitest+ui@2.1.9_lightningcss@1.30.1/node_modules/[4mvitest[24m/dist/chunks/execute.2pr0rHgK.js:750:14[90m)[39m
    at request [90m(file:///C:/rahman/template/V0/superspace-zian/v0-remix-of-superspace-app-aazian/[39mnode_modules/[4m.pnpm[24m/vite-node@2.1.9_@types+node@22.0.0_lightningcss@1.30.1/node_modules/[4mvite-node[24m/dist/client.mjs:267:32[90m)[39m
    at [90mC:\rahman\template\V0\superspace-zian\v0-remix-of-superspace-app-aazian\[39mtests\shared\import-validation.test.ts:114:23
    at [90mfile:///C:/rahman/template/V0/superspace-zian/v0-remix-of-superspace-app-aazian/[39mnode_modules/[4m.pnpm[24m/@vitest+runner@2.1.9/node_modules/[4m@vitest[24m/runner/dist/index.js:533:5
    at runTest [90m(file:///C:/rahman/template/V0/superspace-zian/v0-remix-of-superspace-app-aazian/[39mnode_modules/[4m.pnpm[24m/@vitest+runner@2.1.9/node_modules/[4m@vitest[24m/runner/dist/index.js:1056:11[90m)[39m
    at runSuite [90m(file:///C:/rahman/template/V0/superspace-zian/v0-remix-of-superspace-app-aazian/[39mnode_modules/[4m.pnpm[24m/@vitest+runner@2.1.9/node_modules/[4m@vitest[24m/runner/dist/index.js:1205:15[90m)[39m
    at runSuite [90m(file:///C:/rahman/template/V0/superspace-zian/v0-remix-of-superspace-app-aazian/[39mnode_modules/[4m.pnpm[24m/@vitest+runner@2.1.9/node_modules/[4m@vitest[24m/runner/dist/index.js:1205:15[90m)[39m {
  code: [32m'ERR_MODULE_NOT_FOUND'[39m
}

 [31m❯[39m tests/shared/import-validation.test.ts [2m([22m[2m46 tests[22m[2m | [22m[31m19 failed[39m[2m | [22m[33m10 skipped[39m[2m)[22m[33m 1231[2mms[22m[39m
[31m   [31m×[31m Shared Import Validation - Baseline[2m > [22mBuilder Domain Imports[2m > [22mshould import canvas core functionality[33m 471[2mms[22m[31m[39m
[31m     → Transform failed with 1 error:
C:/rahman/template/V0/superspace-zian/v0-remix-of-superspace-app-aazian/frontend/shared/ui/index.ts:148:9: ERROR: Multiple exports with the same name "componentRegistry"[39m
[31m   [31m×[31m Shared Import Validation - Baseline[2m > [22mBuilder Domain Imports[2m > [22mshould import canvas hooks[90m 9[2mms[22m[31m[39m
[31m     → expected undefined to be defined[39m
[31m   [31m×[31m Shared Import Validation - Baseline[2m > [22mBuilder Domain Imports[2m > [22mshould import inspector components[90m 2[2mms[22m[31m[39m
[31m     → Transform failed with 1 error:
C:/rahman/template/V0/superspace-zian/v0-remix-of-superspace-app-aazian/frontend/shared/ui/index.ts:148:9: ERROR: Multiple exports with the same name "componentRegistry"[39m
[31m   [31m×[31m Shared Import Validation - Baseline[2m > [22mBuilder Domain Imports[2m > [22mshould import template library[90m 1[2mms[22m[31m[39m
[31m     → Transform failed with 1 error:
C:/rahman/template/V0/superspace-zian/v0-remix-of-superspace-app-aazian/frontend/shared/ui/index.ts:148:9: ERROR: Multiple exports with the same name "componentRegistry"[39m
[31m   [31m×[31m Shared Import Validation - Baseline[2m > [22mBuilder Domain Imports[2m > [22mshould import component utils[90m 3[2mms[22m[31m[39m
[31m     → Cannot find module '@/frontend/shared/ui/componentFactory' imported from 'C:/rahman/template/V0/superspace-zian/v0-remix-of-superspace-app-aazian/tests/shared/import-validation.test.ts'.

- If you rely on tsconfig.json's "paths" to resolve modules, please install "vite-tsconfig-paths" plugin to handle module resolution.
- Make sure you don't have relative aliases in your Vitest config. Use absolute paths instead. Read more: https://vitest.dev/guide/common-errors[39m
[31m   [31m×[31m Shared Import Validation - Baseline[2m > [22mSettings Domain Imports[2m > [22mshould import settings registry[90m 117[2mms[22m[31m[39m
[31m     → Transform failed with 1 error:
C:/rahman/template/V0/superspace-zian/v0-remix-of-superspace-app-aazian/frontend/shared/ui/index.ts:148:9: ERROR: Multiple exports with the same name "componentRegistry"[39m
[31m   [31m×[31m Shared Import Validation - Baseline[2m > [22mSettings Domain Imports[2m > [22mshould import workspace settings[90m 124[2mms[22m[31m[39m
[31m     → Transform failed with 1 error:
C:/rahman/template/V0/superspace-zian/v0-remix-of-superspace-app-aazian/frontend/shared/ui/index.ts:148:9: ERROR: Multiple exports with the same name "componentRegistry"[39m
[31m   [31m×[31m Shared Import Validation - Baseline[2m > [22mCommunications Domain Imports[2m > [22mshould import chat components[90m 3[2mms[22m[31m[39m
[31m     → Cannot find module '@/frontend/shared/communications/components/ChatContainer' imported from 'C:/rahman/template/V0/superspace-zian/v0-remix-of-superspace-app-aazian/tests/shared/import-validation.test.ts'.

- If you rely on tsconfig.json's "paths" to resolve modules, please install "vite-tsconfig-paths" plugin to handle module resolution.
- Make sure you don't have relative aliases in your Vitest config. Use absolute paths instead. Read more: https://vitest.dev/guide/common-errors[39m
[31m   [31m×[31m Shared Import Validation - Baseline[2m > [22mUI Domain Imports[2m > [22mshould import form components[90m 2[2mms[22m[31m[39m
[31m     → Cannot find module '@/frontend/shared/ui/components/Input/Input.component' imported from 'C:/rahman/template/V0/superspace-zian/v0-remix-of-superspace-app-aazian/tests/shared/import-validation.test.ts'.

- If you rely on tsconfig.json's "paths" to resolve modules, please install "vite-tsconfig-paths" plugin to handle module resolution.
- Make sure you don't have relative aliases in your Vitest config. Use absolute paths instead. Read more: https://vitest.dev/guide/common-errors[39m
[31m   [31m×[31m Shared Import Validation - Baseline[2m > [22mFoundation Domain Imports[2m > [22mshould import auth components[33m 386[2mms[22m[31m[39m
[31m     → Cannot find package 'C:\rahman\template\V0\superspace-zian\v0-remix-of-superspace-app-aazian\node_modules\.pnpm\@radix-ui+react-dialog@1.1.15_@types+react-dom@18.2.18_@types+react@18.2.47_react-dom@18.2.0_react@18.2.0__react@18.2.0\node_modules\react-remove-scroll\dist\es5\index.js' imported from C:\rahman\template\V0\superspace-zian\v0-remix-of-superspace-app-aazian\node_modules\.pnpm\@radix-ui+react-dialog@1.1.15_@types+react-dom@18.2.18_@types+react@18.2.47_react-dom@18.2.0_react@18.2.0__react@18.2.0\node_modules\@radix-ui\react-dialog\dist\index.mjs
Did you mean to import "react-remove-scroll/dist/es5/index.js"?[39m
[31m   [31m×[31m Shared Import Validation - Baseline[2m > [22mFoundation Domain Imports[2m > [22mshould import utility functions[90m 1[2mms[22m[31m[39m
[31m     → Cannot find module '@/frontend/shared/ui/componentFactory' imported from 'C:/rahman/template/V0/superspace-zian/v0-remix-of-superspace-app-aazian/tests/shared/import-validation.test.ts'.

- If you rely on tsconfig.json's "paths" to resolve modules, please install "vite-tsconfig-paths" plugin to handle module resolution.
- Make sure you don't have relative aliases in your Vitest config. Use absolute paths instead. Read more: https://vitest.dev/guide/common-errors[39m
[31m   [31m×[31m Feature Import Validation - Critical Paths[2m > [22mCMS Feature Dependencies[2m > [22mshould import canvas provider[90m 0[2mms[22m[31m[39m
[31m     → Transform failed with 1 error:
C:/rahman/template/V0/superspace-zian/v0-remix-of-superspace-app-aazian/frontend/shared/ui/index.ts:148:9: ERROR: Multiple exports with the same name "componentRegistry"[39m
[31m   [31m×[31m Feature Import Validation - Critical Paths[2m > [22mCMS Feature Dependencies[2m > [22mshould import inspector components[90m 0[2mms[22m[31m[39m
[31m     → Transform failed with 1 error:
C:/rahman/template/V0/superspace-zian/v0-remix-of-superspace-app-aazian/frontend/shared/ui/index.ts:148:9: ERROR: Multiple exports with the same name "componentRegistry"[39m
[31m   [31m×[31m Feature Import Validation - Critical Paths[2m > [22mCMS Feature Dependencies[2m > [22mshould import template library[90m 0[2mms[22m[31m[39m
[31m     → Transform failed with 1 error:
C:/rahman/template/V0/superspace-zian/v0-remix-of-superspace-app-aazian/frontend/shared/ui/index.ts:148:9: ERROR: Multiple exports with the same name "componentRegistry"[39m
[31m   [31m×[31m Feature Import Validation - Critical Paths[2m > [22mChat Feature Dependencies[2m > [22mshould import chat components from shared[90m 1[2mms[22m[31m[39m
[31m     → Cannot find module '@/frontend/shared/communications/components/ChatContainer' imported from 'C:/rahman/template/V0/superspace-zian/v0-remix-of-superspace-app-aazian/tests/shared/import-validation.test.ts'.

- If you rely on tsconfig.json's "paths" to resolve modules, please install "vite-tsconfig-paths" plugin to handle module resolution.
- Make sure you don't have relative aliases in your Vitest config. Use absolute paths instead. Read more: https://vitest.dev/guide/common-errors[39m
[31m   [31m×[31m Feature Import Validation - Critical Paths[2m > [22mSettings Feature Dependencies[2m > [22mshould import settings registry[90m 0[2mms[22m[31m[39m
[31m     → Transform failed with 1 error:
C:/rahman/template/V0/superspace-zian/v0-remix-of-superspace-app-aazian/frontend/shared/ui/index.ts:148:9: ERROR: Multiple exports with the same name "componentRegistry"[39m
[31m   [31m×[31m Feature Import Validation - Critical Paths[2m > [22mSettings Feature Dependencies[2m > [22mshould import workspace settings[90m 0[2mms[22m[31m[39m
[31m     → Transform failed with 1 error:
C:/rahman/template/V0/superspace-zian/v0-remix-of-superspace-app-aazian/frontend/shared/ui/index.ts:148:9: ERROR: Multiple exports with the same name "componentRegistry"[39m
[31m   [31m×[31m Cross-Domain Dependencies[2m > [22mshould allow foundation imports from all domains[90m 2[2mms[22m[31m[39m
[31m     → Cannot find module '@/frontend/shared/ui/componentFactory' imported from 'C:/rahman/template/V0/superspace-zian/v0-remix-of-superspace-app-aazian/tests/shared/import-validation.test.ts'.

- If you rely on tsconfig.json's "paths" to resolve modules, please install "vite-tsconfig-paths" plugin to handle module resolution.
- Make sure you don't have relative aliases in your Vitest config. Use absolute paths instead. Read more: https://vitest.dev/guide/common-errors[39m
[31m   [31m×[31m Import Performance[2m > [22mshould import quickly (baseline)[90m 0[2mms[22m[31m[39m
[31m     → Transform failed with 1 error:
C:/rahman/template/V0/superspace-zian/v0-remix-of-superspace-app-aazian/frontend/shared/ui/index.ts:148:9: ERROR: Multiple exports with the same name "componentRegistry"[39m

[31m⎯⎯⎯⎯⎯⎯[1m[7m Failed Tests 19 [27m[22m⎯⎯⎯⎯⎯⎯⎯[39m

[31m[1m[7m FAIL [27m[22m[39m tests/shared/import-validation.test.ts[2m > [22mShared Import Validation - Baseline[2m > [22mBuilder Domain Imports[2m > [22mshould import canvas core functionality
[31m[1m[7m FAIL [27m[22m[39m tests/shared/import-validation.test.ts[2m > [22mShared Import Validation - Baseline[2m > [22mBuilder Domain Imports[2m > [22mshould import inspector components
[31m[1m[7m FAIL [27m[22m[39m tests/shared/import-validation.test.ts[2m > [22mShared Import Validation - Baseline[2m > [22mBuilder Domain Imports[2m > [22mshould import template library
[31m[1m[7m FAIL [27m[22m[39m tests/shared/import-validation.test.ts[2m > [22mShared Import Validation - Baseline[2m > [22mSettings Domain Imports[2m > [22mshould import settings registry
[31m[1m[7m FAIL [27m[22m[39m tests/shared/import-validation.test.ts[2m > [22mShared Import Validation - Baseline[2m > [22mSettings Domain Imports[2m > [22mshould import workspace settings
[31m[1m[7m FAIL [27m[22m[39m tests/shared/import-validation.test.ts[2m > [22mFeature Import Validation - Critical Paths[2m > [22mCMS Feature Dependencies[2m > [22mshould import canvas provider
[31m[1m[7m FAIL [27m[22m[39m tests/shared/import-validation.test.ts[2m > [22mFeature Import Validation - Critical Paths[2m > [22mCMS Feature Dependencies[2m > [22mshould import inspector components
[31m[1m[7m FAIL [27m[22m[39m tests/shared/import-validation.test.ts[2m > [22mFeature Import Validation - Critical Paths[2m > [22mCMS Feature Dependencies[2m > [22mshould import template library
[31m[1m[7m FAIL [27m[22m[39m tests/shared/import-validation.test.ts[2m > [22mFeature Import Validation - Critical Paths[2m > [22mSettings Feature Dependencies[2m > [22mshould import settings registry
[31m[1m[7m FAIL [27m[22m[39m tests/shared/import-validation.test.ts[2m > [22mFeature Import Validation - Critical Paths[2m > [22mSettings Feature Dependencies[2m > [22mshould import workspace settings
[31m[1m[7m FAIL [27m[22m[39m tests/shared/import-validation.test.ts[2m > [22mImport Performance[2m > [22mshould import quickly (baseline)
[31m[1mError[22m: Transform failed with 1 error:
C:/rahman/template/V0/superspace-zian/v0-remix-of-superspace-app-aazian/frontend/shared/ui/index.ts:148:9: ERROR: Multiple exports with the same name "componentRegistry"[39m
  Plugin: [35mvite:esbuild[39m
  File: [36mC:/rahman/template/V0/superspace-zian/v0-remix-of-superspace-app-aazian/frontend/shared/ui/index.ts[39m:148:9
[33m  
  [33mMultiple exports with the same name "componentRegistry"[33m
  146|  // Component Registry
  147|  // ============================================================
  148|  export { componentRegistry } from './components/registry'
     |           ^
  149|  
  [39m
[90m [2m❯[22m failureErrorWithLog node_modules/.pnpm/esbuild@0.21.5/node_modules/esbuild/lib/main.js:[2m1472:15[22m[39m
[90m [2m❯[22m node_modules/.pnpm/esbuild@0.21.5/node_modules/esbuild/lib/main.js:[2m755:50[22m[39m
[90m [2m❯[22m responseCallbacks.<computed> node_modules/.pnpm/esbuild@0.21.5/node_modules/esbuild/lib/main.js:[2m622:9[22m[39m
[90m [2m❯[22m handleIncomingPacket node_modules/.pnpm/esbuild@0.21.5/node_modules/esbuild/lib/main.js:[2m677:12[22m[39m
[90m [2m❯[22m Socket.readFromStdout node_modules/.pnpm/esbuild@0.21.5/node_modules/esbuild/lib/main.js:[2m600:7[22m[39m

[31m[2m⎯⎯⎯⎯⎯⎯⎯⎯⎯⎯⎯⎯⎯⎯⎯⎯⎯⎯⎯⎯⎯⎯⎯[1/19]⎯[22m[39m

[31m[1m[7m FAIL [27m[22m[39m tests/shared/import-validation.test.ts[2m > [22mShared Import Validation - Baseline[2m > [22mBuilder Domain Imports[2m > [22mshould import canvas hooks
[31m[1mAssertionError[22m: expected undefined to be defined[39m
[36m [2m❯[22m tests/shared/import-validation.test.ts:[2m31:31[22m[39m
    [90m 29| [39m    [34mit[39m([32m'should import canvas hooks'[39m[33m,[39m [35masync[39m () [33m=>[39m {
    [90m 30| [39m      [35mconst[39m { useSharedCanvas } [33m=[39m [35mawait[39m [35mimport[39m([32m'@/frontend/shared/buil[39m…
    [90m 31| [39m      [34mexpect[39m(useSharedCanvas)[33m.[39m[34mtoBeDefined[39m()
    [90m   | [39m                              [31m^[39m
    [90m 32| [39m      [34mexpect[39m([35mtypeof[39m useSharedCanvas)[33m.[39m[34mtoBe[39m([32m'function'[39m)
    [90m 33| [39m    })

[31m[2m⎯⎯⎯⎯⎯⎯⎯⎯⎯⎯⎯⎯⎯⎯⎯⎯⎯⎯⎯⎯⎯⎯⎯[2/19]⎯[22m[39m

[31m[1m[7m FAIL [27m[22m[39m tests/shared/import-validation.test.ts[2m > [22mShared Import Validation - Baseline[2m > [22mBuilder Domain Imports[2m > [22mshould import component utils
[31m[1mError[22m: Cannot find module '@/frontend/shared/ui/componentFactory' imported from 'C:/rahman/template/V0/superspace-zian/v0-remix-of-superspace-app-aazian/tests/shared/import-validation.test.ts'.

- If you rely on tsconfig.json's "paths" to resolve modules, please install "vite-tsconfig-paths" plugin to handle module resolution.
- Make sure you don't have relative aliases in your Vitest config. Use absolute paths instead. Read more: https://vitest.dev/guide/common-errors[39m
[36m [2m❯[22m tests/shared/import-validation.test.ts:[2m55:35[22m[39m
    [90m 53| [39m
    [90m 54| [39m    [34mit[39m([32m'should import component utils'[39m[33m,[39m [35masync[39m () [33m=>[39m {
    [90m 55| [39m      [35mconst[39m { createComponent } [33m=[39m [35mawait[39m [35mimport[39m(
    [90m   | [39m                                  [31m^[39m
    [90m 56| [39m        [32m'@/frontend/shared/ui/componentFactory'[39m
    [90m 57| [39m      )

[31m[2m⎯⎯⎯⎯⎯⎯⎯⎯⎯⎯⎯⎯⎯⎯⎯⎯⎯⎯⎯⎯⎯⎯⎯[3/19]⎯[22m[39m

[31m[1m[7m FAIL [27m[22m[39m tests/shared/import-validation.test.ts[2m > [22mShared Import Validation - Baseline[2m > [22mCommunications Domain Imports[2m > [22mshould import chat components
[31m[1mError[22m: Cannot find module '@/frontend/shared/communications/components/ChatContainer' imported from 'C:/rahman/template/V0/superspace-zian/v0-remix-of-superspace-app-aazian/tests/shared/import-validation.test.ts'.

- If you rely on tsconfig.json's "paths" to resolve modules, please install "vite-tsconfig-paths" plugin to handle module resolution.
- Make sure you don't have relative aliases in your Vitest config. Use absolute paths instead. Read more: https://vitest.dev/guide/common-errors[39m
[36m [2m❯[22m tests/shared/import-validation.test.ts:[2m96:33[22m[39m
    [90m 94| [39m  [34mdescribe[39m([32m'Communications Domain Imports'[39m[33m,[39m () [33m=>[39m {
    [90m 95| [39m    [34mit[39m([32m'should import chat components'[39m[33m,[39m [35masync[39m () [33m=>[39m {
    [90m 96| [39m      [35mconst[39m { [33mChatContainer[39m } [33m=[39m [35mawait[39m [35mimport[39m(
    [90m   | [39m                                [31m^[39m
    [90m 97| [39m        [32m'@/frontend/shared/communications/components/ChatContainer'[39m
    [90m 98| [39m      )

[31m[2m⎯⎯⎯⎯⎯⎯⎯⎯⎯⎯⎯⎯⎯⎯⎯⎯⎯⎯⎯⎯⎯⎯⎯[4/19]⎯[22m[39m

[31m[1m[7m FAIL [27m[22m[39m tests/shared/import-validation.test.ts[2m > [22mShared Import Validation - Baseline[2m > [22mUI Domain Imports[2m > [22mshould import form components
[31m[1mError[22m: Cannot find module '@/frontend/shared/ui/components/Input/Input.component' imported from 'C:/rahman/template/V0/superspace-zian/v0-remix-of-superspace-app-aazian/tests/shared/import-validation.test.ts'.

- If you rely on tsconfig.json's "paths" to resolve modules, please install "vite-tsconfig-paths" plugin to handle module resolution.
- Make sure you don't have relative aliases in your Vitest config. Use absolute paths instead. Read more: https://vitest.dev/guide/common-errors[39m
[36m [2m❯[22m tests/shared/import-validation.test.ts:[2m140:34[22m[39m
    [90m138| [39m
    [90m139| [39m    [34mit[39m([32m'should import form components'[39m[33m,[39m [35masync[39m () [33m=>[39m {
    [90m140| [39m      [35mconst[39m { [33mInputComponent[39m } [33m=[39m [35mawait[39m [35mimport[39m(
    [90m   | [39m                                 [31m^[39m
    [90m141| [39m        [32m'@/frontend/shared/ui/components/Input/Input.component'[39m
    [90m142| [39m      )

[31m[2m⎯⎯⎯⎯⎯⎯⎯⎯⎯⎯⎯⎯⎯⎯⎯⎯⎯⎯⎯⎯⎯⎯⎯[5/19]⎯[22m[39m

[31m[1m[7m FAIL [27m[22m[39m tests/shared/import-validation.test.ts[2m > [22mShared Import Validation - Baseline[2m > [22mFoundation Domain Imports[2m > [22mshould import auth components
[31m[1mError[22m: Cannot find package 'C:\rahman\template\V0\superspace-zian\v0-remix-of-superspace-app-aazian\node_modules\.pnpm\@radix-ui+react-dialog@1.1.15_@types+react-dom@18.2.18_@types+react@18.2.47_react-dom@18.2.0_react@18.2.0__react@18.2.0\node_modules\react-remove-scroll\dist\es5\index.js' imported from C:\rahman\template\V0\superspace-zian\v0-remix-of-superspace-app-aazian\node_modules\.pnpm\@radix-ui+react-dialog@1.1.15_@types+react-dom@18.2.18_@types+react@18.2.47_react-dom@18.2.0_react@18.2.0__react@18.2.0\node_modules\@radix-ui\react-dialog\dist\index.mjs
Did you mean to import "react-remove-scroll/dist/es5/index.js"?[39m
[31m[2m⎯⎯⎯⎯⎯⎯⎯⎯⎯⎯⎯⎯⎯⎯⎯⎯⎯⎯⎯⎯⎯⎯⎯[6/19]⎯[22m[39m

[31m[1m[7m FAIL [27m[22m[39m tests/shared/import-validation.test.ts[2m > [22mShared Import Validation - Baseline[2m > [22mFoundation Domain Imports[2m > [22mshould import utility functions
[31m[1mError[22m: Cannot find module '@/frontend/shared/ui/componentFactory' imported from 'C:/rahman/template/V0/superspace-zian/v0-remix-of-superspace-app-aazian/tests/shared/import-validation.test.ts'.

- If you rely on tsconfig.json's "paths" to resolve modules, please install "vite-tsconfig-paths" plugin to handle module resolution.
- Make sure you don't have relative aliases in your Vitest config. Use absolute paths instead. Read more: https://vitest.dev/guide/common-errors[39m
[36m [2m❯[22m tests/shared/import-validation.test.ts:[2m181:35[22m[39m
    [90m179| [39m
    [90m180| [39m    [34mit[39m([32m'should import utility functions'[39m[33m,[39m [35masync[39m () [33m=>[39m {
    [90m181| [39m      [35mconst[39m { createComponent } [33m=[39m [35mawait[39m [35mimport[39m(
    [90m   | [39m                                  [31m^[39m
    [90m182| [39m        [32m'@/frontend/shared/ui/componentFactory'[39m
    [90m183| [39m      )

[31m[2m⎯⎯⎯⎯⎯⎯⎯⎯⎯⎯⎯⎯⎯⎯⎯⎯⎯⎯⎯⎯⎯⎯⎯[7/19]⎯[22m[39m

[31m[1m[7m FAIL [27m[22m[39m tests/shared/import-validation.test.ts[2m > [22mFeature Import Validation - Critical Paths[2m > [22mChat Feature Dependencies[2m > [22mshould import chat components from shared
[31m[1mError[22m: Cannot find module '@/frontend/shared/communications/components/ChatContainer' imported from 'C:/rahman/template/V0/superspace-zian/v0-remix-of-superspace-app-aazian/tests/shared/import-validation.test.ts'.

- If you rely on tsconfig.json's "paths" to resolve modules, please install "vite-tsconfig-paths" plugin to handle module resolution.
- Make sure you don't have relative aliases in your Vitest config. Use absolute paths instead. Read more: https://vitest.dev/guide/common-errors[39m
[36m [2m❯[22m tests/shared/import-validation.test.ts:[2m224:33[22m[39m
    [90m222| [39m  [34mdescribe[39m([32m'Chat Feature Dependencies'[39m[33m,[39m () [33m=>[39m {
    [90m223| [39m    [34mit[39m([32m'should import chat components from shared'[39m[33m,[39m [35masync[39m () [33m=>[39m {
    [90m224| [39m      [35mconst[39m { [33mChatContainer[39m } [33m=[39m [35mawait[39m [35mimport[39m(
    [90m   | [39m                                [31m^[39m
    [90m225| [39m        [32m'@/frontend/shared/communications/components/ChatContainer'[39m
    [90m226| [39m      )

[31m[2m⎯⎯⎯⎯⎯⎯⎯⎯⎯⎯⎯⎯⎯⎯⎯⎯⎯⎯⎯⎯⎯⎯⎯[8/19]⎯[22m[39m

[31m[1m[7m FAIL [27m[22m[39m tests/shared/import-validation.test.ts[2m > [22mCross-Domain Dependencies[2m > [22mshould allow foundation imports from all domains
[31m[1mError[22m: Cannot find module '@/frontend/shared/ui/componentFactory' imported from 'C:/rahman/template/V0/superspace-zian/v0-remix-of-superspace-app-aazian/tests/shared/import-validation.test.ts'.

- If you rely on tsconfig.json's "paths" to resolve modules, please install "vite-tsconfig-paths" plugin to handle module resolution.
- Make sure you don't have relative aliases in your Vitest config. Use absolute paths instead. Read more: https://vitest.dev/guide/common-errors[39m
[36m [2m❯[22m tests/shared/import-validation.test.ts:[2m316:33[22m[39m
    [90m314| [39m  [34mit[39m([32m'should allow foundation imports from all domains'[39m[33m,[39m [35masync[39m () [33m=>[39m {
    [90m315| [39m    [90m// Foundation is base layer, all domains can import from it[39m
    [90m316| [39m    [35mconst[39m { createComponent } [33m=[39m [35mawait[39m [35mimport[39m(
    [90m   | [39m                                [31m^[39m
    [90m317| [39m      [32m'@/frontend/shared/ui/componentFactory'[39m
    [90m318| [39m    )

[31m[2m⎯⎯⎯⎯⎯⎯⎯⎯⎯⎯⎯⎯⎯⎯⎯⎯⎯⎯⎯⎯⎯⎯⎯[9/19]⎯[22m[39m

[2m Test Files [22m [1m[31m2 failed[39m[22m[90m (2)[39m
[2m      Tests [22m [1m[31m22 failed[39m[22m[2m | [22m[1m[32m42 passed[39m[22m[2m | [22m[33m10 skipped[39m[90m (74)[39m
[2m   Start at [22m 00:20:35
[2m   Duration [22m 1.27s

[1m[7m[31m FAIL [39m[27m[22m [31mTests failed. Watching for file changes...[39m
       [2mpress [22m[1mh[22m[2m to show help[22m[2m, [22m[2mpress [22m[1mq[22m[2m to quit[22m
node:events:497
      throw er; // Unhandled 'error' event
      ^

Error: Worker exited unexpectedly
    at ChildProcess.onUnexpectedExit (file:///C:/rahman/template/V0/superspace-zian/v0-remix-of-superspace-app-aazian/node_modules/.pnpm/tinypool@1.1.1/node_modules/tinypool/dist/index.js:118:30)
    at ChildProcess.emit (node:events:531:35)
    at ChildProcess._handle.onexit (node:internal/child_process:294:12)
Emitted 'error' event on Tinypool instance at:
    at EventEmitterReferencingAsyncResource.runInAsyncScope (node:async_hooks:206:9)
    at Tinypool.emit (node:events:171:18)
    at file:///C:/rahman/template/V0/superspace-zian/v0-remix-of-superspace-app-aazian/node_modules/.pnpm/tinypool@1.1.1/node_modules/tinypool/dist/index.js:594:30
    at ChildProcess.<anonymous> (file:///C:/rahman/template/V0/superspace-zian/v0-remix-of-superspace-app-aazian/node_modules/.pnpm/tinypool@1.1.1/node_modules/tinypool/dist/index.js:162:34)
    at ChildProcess.emit (node:events:519:28)
    at ChildProcess.onUnexpectedExit (file:///C:/rahman/template/V0/superspace-zian/v0-remix-of-superspace-app-aazian/node_modules/.pnpm/tinypool@1.1.1/node_modules/tinypool/dist/index.js:118:16)
    at ChildProcess.emit (node:events:531:35)
    at ChildProcess._handle.onexit (node:internal/child_process:294:12)

Node.js v20.17.0
 ELIFECYCLE  Test failed. See above for more details.
